$GRT-USD: possibly delisted; no timezone found
$APT-USD: possibly delisted; no timezone found
$IMX-USD: possibly delisted; no timezone found
$SUI-USD: possibly delisted; no timezone found
$PEPE-USD: possibly delisted; no timezone found
$UNI-USD: possibly delisted; no timezone found

6 Failed downloads:
['GRT-USD', 'APT-USD', 'IMX-USD', 'SUI-USD', 'PEPE-USD', 'UNI-USD']: possibly delisted; no timezone found
Downloading 40 tickers (8y daily)...
  usable: 34 tickers
# Crypto brief — 2026-09-28

## Regime: RISK-ON 

Trend is up. History says this is when holding majors paid — and a simple 'stay long while BTC is above its 200-day' rule kept you in for it.

- BTC $84,009 — above its 200-day (71,070); -9% from the 1-year high; +5% in 30d.
- Breadth: 32/34 majors above their 200-day (94%).


CRYPTO SWING (experimental, underperformed holding) — 2026-09-28 (universe: 34 coins)
ticker side  score      close                                                            signals  RS_3m_%  ATR%       stop  min_KO_dist earnings  expected_pct
  NEAR LONG   0.66     5.3477                                          Donchian 20d breakout (L)    151.8  7.23     4.5741       1.1604      n/a         1.590
   ETH LONG   0.16  2671.9600 IBS mean-reversion (L), 7-day extreme pullback (L), FVG retest (L)     -2.5  3.37  2492.0921     269.8018      n/a         0.220
   BTC LONG   0.16 84009.0703 IBS mean-reversion (L), 7-day extreme pullback (L), FVG retest (L)    -10.7  2.64 79577.6105    6647.1898      n/a         0.220
   BNB LONG   0.11   777.9200                             IBS mean-reversion (L), FVG retest (L)     -3.9  2.74   735.3272      63.8892      n/a         0.245
  DOGE LONG   0.11     0.0966                                                     FVG retest (L)     -7.6  5.26     0.0864       0.0152      n/a         0.300
   BCH LONG   0.11   328.4000                             IBS mean-reversion (L), FVG retest (L)     12.2  5.69   291.0379      56.0432      n/a         0.245
   INJ LONG   0.05     7.7320                 IBS mean-reversion (L), 7-day extreme pullback (L)     15.3  7.55     6.5651       1.7503      n/a         0.180
Written docs/crypto.html
Crypto paper: 13 closed, -125.61 net
Written docs/crypto_portfolio.html
# Crypto risk screen — 28 Sep 2026

## Watchlist risk read

- BTC (Bitcoin, $1686.1B, +4%/7d) — risk MEDIUM: thin liquidity (vol/mcap 1.4% — hard to exit)
- ETH (Ethereum, $325.7B, +1%/7d) — risk LOWER: modest liquidity (2.9%)

Written docs/crypto_screen.html and docs/crypto_screen_digest.txt
