Downloading 20 tickers (8y daily)...
  usable: 20 tickers
Replaying 20 tickers from 2020-08-21...

--- baseline (current live rules)
      950 trades | return   +131.8% | win 38.4% | avg +1.23% | maxDD -76.0%

--- trailing stop only (no RSI exit)
      950 trades | return   +131.8% | win 38.4% | avg +1.23% | maxDD -76.0%

--- long-only
      650 trades | return   +496.0% | win 38.3% | avg +2.76% | maxDD -69.1%

--- long-only + trailing only
      650 trades | return   +496.0% | win 38.3% | avg +2.76% | maxDD -69.1%

--- long-only, trailing only, mean-reversion signals only
      593 trades | return    +50.3% | win 36.8% | avg +1.47% | maxDD -69.8%

--- long-only, trailing only, 2 ideas, 3xATR
      415 trades | return    +91.2% | win 38.1% | avg +2.00% | maxDD -58.9%

--- long+trailing + regime gate (breadth>50%)
      385 trades | return   +449.1% | win 42.6% | avg +3.60% | maxDD -49.5%

--- long+trailing + RS>median gate
      638 trades | return   +359.9% | win 37.8% | avg +2.67% | maxDD -68.5%

--- long+trailing + regime + RS gates
      388 trades | return   +466.1% | win 40.2% | avg +4.05% | maxDD -51.3%

--- momentum/breakouts only, long, trailing
      338 trades | return   +419.8% | win 39.1% | avg +3.99% | maxDD -39.6%

--- failed-breakout only, long, trailing
      368 trades | return     +9.0% | win 38.0% | avg +0.80% | maxDD -63.9%

==============================================================================
BENCHMARK — buy & hold the same stocks: +1681.6%
   +496.0%  loses to buy&hold  |   650 trades | maxDD  -69.1% | long-only
   +496.0%  loses to buy&hold  |   650 trades | maxDD  -69.1% | long-only + trailing only
   +466.1%  loses to buy&hold  |   388 trades | maxDD  -51.3% | long+trailing + regime + RS gates
   +449.1%  loses to buy&hold  |   385 trades | maxDD  -49.5% | long+trailing + regime gate (breadth>50%)
   +419.8%  loses to buy&hold  |   338 trades | maxDD  -39.6% | momentum/breakouts only, long, trailing
   +359.9%  loses to buy&hold  |   638 trades | maxDD  -68.5% | long+trailing + RS>median gate
   +131.8%  loses to buy&hold  |   950 trades | maxDD  -76.0% | baseline (current live rules)
   +131.8%  loses to buy&hold  |   950 trades | maxDD  -76.0% | trailing stop only (no RSI exit)
    +91.2%  loses to buy&hold  |   415 trades | maxDD  -58.9% | long-only, trailing only, 2 ideas, 3xATR
    +50.3%  loses to buy&hold  |   593 trades | maxDD  -69.8% | long-only, trailing only, mean-reversion signals only
     +9.0%  loses to buy&hold  |   368 trades | maxDD  -63.9% | failed-breakout only, long, trailing
==============================================================================
VERDICT: no variant beats buy-and-hold. The idea does not work.

Written to docs/variants_crypto.html
